C51 COMPILER V9.01   MAIN                                                                  09/28/2026 14:55:56 PAGE 1   


C51 COMPILER V9.01, COMPILATION OF MODULE MAIN
OBJECT MODULE PLACED IN main.OBJ
COMPILER INVOKED BY: C:\Keil\C51\BIN\C51.EXE main.c BROWSE DEBUG OBJECTEXTEND TABS(2)

line level    source

   1          #include <reg52.h>
   2          
   3          /* =========================
   4             KHAI BAO CHAN
   5             ========================= */
   6          
   7          /* PORT 0: 7 doan */
   8          #define SEG_PORT P0
   9          
  10          /* PORT 1: nut goi tang */
  11          sbit BTN_0_FLU = P1^7;
  12          
  13          sbit BTN_1_FLD = P1^6;
  14          sbit BTN_1_FLU = P1^5;
  15          
  16          sbit BTN_2_FLD = P1^4;
  17          sbit BTN_2_FLU = P1^3;
  18          
  19          sbit BTN_3_FLD = P1^2;
  20          sbit BTN_3_FLU = P1^1;
  21          
  22          sbit BTN_4_FLD = P1^0;
  23          
  24          /* PORT 2: nut cabin */
  25          sbit BTN_CABIN_0 = P2^0;
  26          sbit BTN_CABIN_1 = P2^1;
  27          sbit BTN_CABIN_2 = P2^2;
  28          sbit BTN_CABIN_3 = P2^3;
  29          sbit BTN_CABIN_4 = P2^4;
  30          
  31          /* LED WAIT doi sang P2.7 */
  32          sbit LED_WAIT = P2^7;
  33          
  34          /* PORT 3 */
  35          sbit LED_UP   = P3^0;
  36          sbit LED_DOWN = P3^4;
  37          
  38          /* Motor thang */
  39          sbit IN1 = P3^5;
  40          sbit IN2 = P3^6;
  41          sbit EN  = P3^7;
  42          
  43          /* Motor cua */
  44          sbit doorOPIN1 = P3^1;
  45          sbit doorCLIN2 = P3^2;
  46          sbit DoorEN    = P3^3;
  47          
  48          
  49          /* =========================
  50             MA LED 7 DOAN
  51             COMMON ANODE
  52             ========================= */
  53          
  54          unsigned char code seg_code[5] =
  55          {
C51 COMPILER V9.01   MAIN                                                                  09/28/2026 14:55:56 PAGE 2   

  56              0xC0,   /* 0 */
  57              0xF9,   /* 1 */
  58              0xA4,   /* 2 */
  59              0xB0,   /* 3 */
  60              0x99    /* 4 */
  61          };
  62          
  63          
  64          /* =========================
  65             BIEN HE THONG
  66             ========================= */
  67          
  68          unsigned char requests[5] =
  69          {
  70              0, 0, 0, 0, 0
  71          };
  72          
  73          /* Khoa nut de tranh nhan giu gay lap lenh */
  74          unsigned char buttonLock[5] =
  75          {
  76              0, 0, 0, 0, 0
  77          };
  78          
  79          char currentFloor = 0;
  80          char targetFloor = -1;
  81          
  82          bit isMoving = 0;
  83          
  84          unsigned int timer_count = 0;
  85          
  86          /*
  87             doorState:
  88             0 = cua dong
  89             1 = cua dang mo
  90             2 = cua dang giu
  91             3 = cua dang dong
  92          */
  93          unsigned char doorState = 0;
  94          
  95          unsigned char door_timer = 0;
  96          
  97          
  98          /* =========================
  99             THOI GIAN CUA
 100             Timer 1 = 50ms
 101             ========================= */
 102          
 103          #define DOOR_OPEN_TIME  20
 104          #define DOOR_WAIT_TIME  20
 105          #define DOOR_CLOSE_TIME 20
 106          
 107          
 108          /* =========================
 109             HIEN THI TANG
 110             ========================= */
 111          
 112          void display_floor(unsigned char floor)
 113          {
 114   1          if(floor > 4)
 115   1              floor = 0;
 116   1      
 117   1          P0 = seg_code[floor];
C51 COMPILER V9.01   MAIN                                                                  09/28/2026 14:55:56 PAGE 3   

 118   1      }
 119          
 120          
 121          /* =========================
 122             LED WAIT
 123             P2.7 dung logic muc cao
 124             ========================= */
 125          
 126          void wait_led_on(void)
 127          {
 128   1          LED_WAIT = 1;
 129   1      }
 130          
 131          void wait_led_off(void)
 132          {
 133   1          LED_WAIT = 0;
 134   1      }
 135          
 136          
 137          /* =========================
 138             MOTOR THANG
 139             ========================= */
 140          
 141          void stop_motor(void)
 142          {
 143   1          IN1 = 0;
 144   1          IN2 = 0;
 145   1          EN = 0;
 146   1      
 147   1          LED_UP = 0;
 148   1          LED_DOWN = 0;
 149   1      
 150   1          isMoving = 0;
 151   1      }
 152          
 153          void start_up(void)
 154          {
 155   1          IN1 = 1;
 156   1          IN2 = 0;
 157   1          EN = 1;
 158   1      
 159   1          LED_UP = 1;
 160   1          LED_DOWN = 0;
 161   1      
 162   1          isMoving = 1;
 163   1          timer_count = 0;
 164   1      }
 165          
 166          void start_down(void)
 167          {
 168   1          IN1 = 0;
 169   1          IN2 = 1;
 170   1          EN = 1;
 171   1      
 172   1          LED_UP = 0;
 173   1          LED_DOWN = 1;
 174   1      
 175   1          isMoving = 1;
 176   1          timer_count = 0;
 177   1      }
 178          
 179          
C51 COMPILER V9.01   MAIN                                                                  09/28/2026 14:55:56 PAGE 4   

 180          /* =========================
 181             MOTOR CUA
 182             ========================= */
 183          
 184          void stop_door_motor(void)
 185          {
 186   1          doorOPIN1 = 0;
 187   1          doorCLIN2 = 0;
 188   1          DoorEN = 0;
 189   1      }
 190          
 191          void start_door_open(void)
 192          {
 193   1          if(doorState != 0)
 194   1              return;
 195   1      
 196   1          /* Bat LED WAIT khi cua mo */
 197   1          wait_led_on();
 198   1      
 199   1          /* Motor cua quay chieu mo */
 200   1          doorOPIN1 = 1;
 201   1          doorCLIN2 = 0;
 202   1          DoorEN = 1;
 203   1      
 204   1          door_timer = DOOR_OPEN_TIME;
 205   1          doorState = 1;
 206   1      }
 207          
 208          void hold_door_open(void)
 209          {
 210   1          /* Dung motor */
 211   1          stop_door_motor();
 212   1      
 213   1          /* Van giu LED WAIT sang */
 214   1          wait_led_on();
 215   1      
 216   1          door_timer = DOOR_WAIT_TIME;
 217   1          doorState = 2;
 218   1      }
 219          
 220          void start_door_close(void)
 221          {
 222   1          /* Bat LED WAIT trong luc cua dong */
 223   1          wait_led_on();
 224   1      
 225   1          /* Motor cua quay chieu dong */
 226   1          doorOPIN1 = 0;
 227   1          doorCLIN2 = 1;
 228   1          DoorEN = 1;
 229   1      
 230   1          door_timer = DOOR_CLOSE_TIME;
 231   1          doorState = 3;
 232   1      }
 233          
 234          void finish_door_close(void)
 235          {
 236   1          /* Dung motor cua */
 237   1          stop_door_motor();
 238   1      
 239   1          /* Cua dong xong thi tat WAIT */
 240   1          wait_led_off();
 241   1      
C51 COMPILER V9.01   MAIN                                                                  09/28/2026 14:55:56 PAGE 5   

 242   1          doorState = 0;
 243   1          targetFloor = -1;
 244   1      }
 245          
 246          
 247          /* =========================
 248             CAP NHAT YEU CAU TANG
 249             ========================= */
 250          
 251          void update_floor_request(unsigned char floor,
 252                                    unsigned char pressed)
 253          {
 254   1          if(pressed)
 255   1          {
 256   2              /*
 257   2                 Chi tao request tai lan nhan dau tien.
 258   2                 Neu giu nut thi khong tao request moi.
 259   2              */
 260   2              if(buttonLock[floor] == 0)
 261   2              {
 262   3                  requests[floor] = 1;
 263   3                  buttonLock[floor] = 1;
 264   3              }
 265   2          }
 266   1          else
 267   1          {
 268   2              /*
 269   2                 Khi nha nut thi mo khoa.
 270   2                 Lan nhan tiep theo moi duoc ghi nhan.
 271   2              */
 272   2              buttonLock[floor] = 0;
 273   2          }
 274   1      }
 275          
 276          
 277          /* =========================
 278             QUET CAC NUT
 279             ========================= */
 280          
 281          void scan_buttons(void)
 282          {
 283   1          unsigned char pressed0;
 284   1          unsigned char pressed1;
 285   1          unsigned char pressed2;
 286   1          unsigned char pressed3;
 287   1          unsigned char pressed4;
 288   1      
 289   1          /*
 290   1             Tang 0:
 291   1             - Nut cabin 0
 292   1             - Nut goi tang 0 len
 293   1          */
 294   1          pressed0 = 0;
 295   1      
 296   1          if(BTN_CABIN_0 == 0)
 297   1              pressed0 = 1;
 298   1      
 299   1          if(BTN_0_FLU == 0)
 300   1              pressed0 = 1;
 301   1      
 302   1      
 303   1          /*
C51 COMPILER V9.01   MAIN                                                                  09/28/2026 14:55:56 PAGE 6   

 304   1             Tang 1:
 305   1             - Nut cabin 1
 306   1             - Nut goi xuong
 307   1             - Nut goi len
 308   1          */
 309   1          pressed1 = 0;
 310   1      
 311   1          if(BTN_CABIN_1 == 0)
 312   1              pressed1 = 1;
 313   1      
 314   1          if(BTN_1_FLD == 0)
 315   1              pressed1 = 1;
 316   1      
 317   1          if(BTN_1_FLU == 0)
 318   1              pressed1 = 1;
 319   1      
 320   1      
 321   1          /*
 322   1             Tang 2
 323   1          */
 324   1          pressed2 = 0;
 325   1      
 326   1          if(BTN_CABIN_2 == 0)
 327   1              pressed2 = 1;
 328   1      
 329   1          if(BTN_2_FLD == 0)
 330   1              pressed2 = 1;
 331   1      
 332   1          if(BTN_2_FLU == 0)
 333   1              pressed2 = 1;
 334   1      
 335   1      
 336   1          /*
 337   1             Tang 3
 338   1          */
 339   1          pressed3 = 0;
 340   1      
 341   1          if(BTN_CABIN_3 == 0)
 342   1              pressed3 = 1;
 343   1      
 344   1          if(BTN_3_FLD == 0)
 345   1              pressed3 = 1;
 346   1      
 347   1          if(BTN_3_FLU == 0)
 348   1              pressed3 = 1;
 349   1      
 350   1      
 351   1          /*
 352   1             Tang 4
 353   1             - Nut cabin 4
 354   1             - Nut goi xuong
 355   1          */
 356   1          pressed4 = 0;
 357   1      
 358   1          if(BTN_CABIN_4 == 0)
 359   1              pressed4 = 1;
 360   1      
 361   1          if(BTN_4_FLD == 0)
 362   1              pressed4 = 1;
 363   1      
 364   1      
 365   1          /* Cap nhat request */
C51 COMPILER V9.01   MAIN                                                                  09/28/2026 14:55:56 PAGE 7   

 366   1          update_floor_request(0, pressed0);
 367   1          update_floor_request(1, pressed1);
 368   1          update_floor_request(2, pressed2);
 369   1          update_floor_request(3, pressed3);
 370   1          update_floor_request(4, pressed4);
 371   1      }
 372          
 373          
 374          /* =========================
 375             TIM TANG GAN NHAT
 376             ========================= */
 377          
 378          char find_nearest_request(void)
 379          {
 380   1          char i;
 381   1          char distance;
 382   1          char bestFloor = -1;
 383   1          char bestDistance = 100;
 384   1      
 385   1          for(i = 0; i < 5; i++)
 386   1          {
 387   2              if(requests[i])
 388   2              {
 389   3                  if(i >= currentFloor)
 390   3                      distance = i - currentFloor;
 391   3                  else
 392   3                      distance = currentFloor - i;
 393   3      
 394   3                  if(distance < bestDistance)
 395   3                  {
 396   4                      bestDistance = distance;
 397   4                      bestFloor = i;
 398   4                  }
 399   3              }
 400   2          }
 401   1      
 402   1          return bestFloor;
 403   1      }
 404          
 405          
 406          /* =========================
 407             XU LY THANG MAY
 408             ========================= */
 409          
 410          void process_elevator(void)
 411          {
 412   1          char nearest;
 413   1      
 414   1          /* Khong xu ly khi cua dang hoat dong */
 415   1          if(doorState != 0)
 416   1              return;
 417   1      
 418   1          /* Neu thang dang chay thi khong tao lenh moi */
 419   1          if(isMoving)
 420   1              return;
 421   1      
 422   1          /*
 423   1             Neu co yeu cau ngay tai tang hien tai:
 424   1             - Xoa request truoc
 425   1             - Mo cua mot lan
 426   1          */
 427   1          if(requests[currentFloor])
C51 COMPILER V9.01   MAIN                                                                  09/28/2026 14:55:56 PAGE 8   

 428   1          {
 429   2              requests[currentFloor] = 0;
 430   2              targetFloor = -1;
 431   2      
 432   2              start_door_open();
 433   2      
 434   2              return;
 435   2          }
 436   1      
 437   1      
 438   1          /* Tim tang co yeu cau gan nhat */
 439   1          nearest = find_nearest_request();
 440   1      
 441   1          if(nearest >= 0)
 442   1          {
 443   2              targetFloor = nearest;
 444   2      
 445   2              if(targetFloor > currentFloor)
 446   2              {
 447   3                  start_up();
 448   3              }
 449   2              else if(targetFloor < currentFloor)
 450   2              {
 451   3                  start_down();
 452   3              }
 453   2          }
 454   1      }
 455          
 456          
 457          /* =========================
 458             TIMER 1
 459             50ms
 460             11.0592MHz
 461             ========================= */
 462          
 463          void timer1_init(void)
 464          {
 465   1          TMOD &= 0x0F;
 466   1          TMOD |= 0x10;
 467   1      
 468   1          /*
 469   1             50ms voi thach anh 11.0592MHz
 470   1      
 471   1             TH1 = 3C
 472   1             TL1 = B0
 473   1          */
 474   1          TH1 = 0x3C;
 475   1          TL1 = 0xB0;
 476   1      
 477   1          ET1 = 1;
 478   1          EA = 1;
 479   1      
 480   1          TR1 = 1;
 481   1      }
 482          
 483          
 484          /* =========================
 485             NGAT TIMER 1
 486             ========================= */
 487          
 488          void timer1_ISR(void) interrupt 3
 489          {
C51 COMPILER V9.01   MAIN                                                                  09/28/2026 14:55:56 PAGE 9   

 490   1          TH1 = 0x3C;
 491   1          TL1 = 0xB0;
 492   1      
 493   1      
 494   1          /* =====================
 495   1             XU LY CUA
 496   1             ===================== */
 497   1      
 498   1          if(doorState != 0)
 499   1          {
 500   2              if(door_timer > 0)
 501   2              {
 502   3                  door_timer--;
 503   3      
 504   3                  if(door_timer == 0)
 505   3                  {
 506   4                      /*
 507   4                         Cua mo xong
 508   4                      */
 509   4                      if(doorState == 1)
 510   4                      {
 511   5                          hold_door_open();
 512   5                      }
 513   4      
 514   4                      /*
 515   4                         Het thoi gian giu cua
 516   4                      */
 517   4                      else if(doorState == 2)
 518   4                      {
 519   5                          start_door_close();
 520   5                      }
 521   4      
 522   4                      /*
 523   4                         Cua dong xong
 524   4                      */
 525   4                      else if(doorState == 3)
 526   4                      {
 527   5                          finish_door_close();
 528   5                      }
 529   4                  }
 530   3              }
 531   2      
 532   2              return;
 533   2          }
 534   1      
 535   1      
 536   1          /* =====================
 537   1             XU LY THANG
 538   1             ===================== */
 539   1      
 540   1          if(isMoving)
 541   1          {
 542   2              timer_count++;
 543   2      
 544   2              /*
 545   2                 40 x 50ms = 2 giay
 546   2                 Moi 2 giay di 1 tang
 547   2              */
 548   2              if(timer_count >= 40)
 549   2              {
 550   3                  timer_count = 0;
 551   3      
C51 COMPILER V9.01   MAIN                                                                  09/28/2026 14:55:56 PAGE 10  

 552   3      
 553   3                  /*
 554   3                     Dang di len
 555   3                  */
 556   3                  if(IN1 == 1 && IN2 == 0)
 557   3                  {
 558   4                      if(currentFloor < 4)
 559   4                          currentFloor++;
 560   4                  }
 561   3      
 562   3      
 563   3                  /*
 564   3                     Dang di xuong
 565   3                  */
 566   3                  else if(IN1 == 0 && IN2 == 1)
 567   3                  {
 568   4                      if(currentFloor > 0)
 569   4                          currentFloor--;
 570   4                  }
 571   3      
 572   3      
 573   3                  /* Cap nhat hien thi */
 574   3                  display_floor(currentFloor);
 575   3      
 576   3      
 577   3                  /*
 578   3                     Da den tang dich
 579   3                  */
 580   3                  if(currentFloor == targetFloor)
 581   3                  {
 582   4                      stop_motor();
 583   4      
 584   4                      requests[currentFloor] = 0;
 585   4      
 586   4                      start_door_open();
 587   4                  }
 588   3      
 589   3      
 590   3                  /*
 591   3                     Neu dang di qua va tang hien tai
 592   3                     cung dang co yeu cau thi dung lai
 593   3                  */
 594   3                  else if(requests[currentFloor])
 595   3                  {
 596   4                      stop_motor();
 597   4      
 598   4                      requests[currentFloor] = 0;
 599   4      
 600   4                      targetFloor = -1;
 601   4      
 602   4                      start_door_open();
 603   4                  }
 604   3              }
 605   2          }
 606   1      }
 607          
 608          
 609          /* =========================
 610             KHOI TAO HE THONG
 611             ========================= */
 612          
 613          void system_init(void)
C51 COMPILER V9.01   MAIN                                                                  09/28/2026 14:55:56 PAGE 11  

 614          {
 615   1          /* P0 dung cho 7 doan */
 616   1          P0 = 0x00;
 617   1      
 618   1          /* P1 la nut nhan */
 619   1          P1 = 0xFF;
 620   1      
 621   1          /*
 622   1             P2:
 623   1             P2.0-P2.4: nut cabin
 624   1             P2.7: LED WAIT
 625   1          */
 626   1          P2 = 0xFF;
 627   1      
 628   1          /* P3 */
 629   1          P3 = 0x00;
 630   1      
 631   1      
 632   1          /* LED WAIT tat */
 633   1          wait_led_off();
 634   1      
 635   1      
 636   1          /* LED huong tat */
 637   1          LED_UP = 0;
 638   1          LED_DOWN = 0;
 639   1      
 640   1      
 641   1          /* Motor thang dung */
 642   1          IN1 = 0;
 643   1          IN2 = 0;
 644   1          EN = 0;
 645   1      
 646   1      
 647   1          /* Motor cua dung */
 648   1          doorOPIN1 = 0;
 649   1          doorCLIN2 = 0;
 650   1          DoorEN = 0;
 651   1      
 652   1      
 653   1          /* Bien he thong */
 654   1          isMoving = 0;
 655   1      
 656   1          currentFloor = 0;
 657   1          targetFloor = -1;
 658   1      
 659   1          timer_count = 0;
 660   1      
 661   1          doorState = 0;
 662   1          door_timer = 0;
 663   1      
 664   1      
 665   1          /* Xoa request */
 666   1          requests[0] = 0;
 667   1          requests[1] = 0;
 668   1          requests[2] = 0;
 669   1          requests[3] = 0;
 670   1          requests[4] = 0;
 671   1      
 672   1      
 673   1          /* Mo khoa cac nut */
 674   1          buttonLock[0] = 0;
 675   1          buttonLock[1] = 0;
C51 COMPILER V9.01   MAIN                                                                  09/28/2026 14:55:56 PAGE 12  

 676   1          buttonLock[2] = 0;
 677   1          buttonLock[3] = 0;
 678   1          buttonLock[4] = 0;
 679   1      
 680   1      
 681   1          /* Hien thi tang 0 */
 682   1          display_floor(0);
 683   1      
 684   1      
 685   1          /* Khoi dong Timer 1 */
 686   1          timer1_init();
 687   1      }
 688          
 689          
 690          /* =========================
 691             HAM DELAY
 692             ========================= */
 693          
 694          void delay_ms(unsigned int ms)
 695          {
 696   1          unsigned int i;
 697   1          unsigned int j;
 698   1      
 699   1          for(i = 0; i < ms; i++)
 700   1          {
 701   2              for(j = 0; j < 120; j++)
 702   2              {
 703   3                  ;
 704   3              }
 705   2          }
 706   1      }
 707          
 708          
 709          /* =========================
 710             HAM MAIN
 711             ========================= */
 712          void main(void)
 713          {
 714   1          system_init();
 715   1      
 716   1          while(1)
 717   1          {
 718   2              /*
 719   2                 Quet nut moi 20ms.
 720   2                 ButtonLock dam bao giu nut
 721   2                 khong lam cua mo lap lai.
 722   2              */
 723   2              scan_buttons();
 724   2      
 725   2              process_elevator();
 726   2      
 727   2              delay_ms(20);
 728   2          }
 729   1      }


MODULE INFORMATION:   STATIC OVERLAYABLE
   CODE SIZE        =    735    ----
   CONSTANT SIZE    =      5    ----
   XDATA SIZE       =   ----    ----
   PDATA SIZE       =   ----    ----
   DATA SIZE        =     16    ----
C51 COMPILER V9.01   MAIN                                                                  09/28/2026 14:55:56 PAGE 13  

   IDATA SIZE       =   ----    ----
   BIT SIZE         =      1    ----
END OF MODULE INFORMATION.


C51 COMPILATION COMPLETE.  0 WARNING(S),  0 ERROR(S)
