C51 COMPILER V9.01   U4_SLAVE                                                              09/28/2026 16:06:55 PAGE 1   


C51 COMPILER V9.01, COMPILATION OF MODULE U4_SLAVE
OBJECT MODULE PLACED IN U4_slave.OBJ
COMPILER INVOKED BY: C:\Keil\C51\BIN\C51.EXE U4_slave.c BROWSE DEBUG OBJECTEXTEND TABS(2)

line level    source

   1          /* =====================================================
   2             U4 - TRUNG TAM DIEU KHIEN DONG CO
   3             AT89C52, thach anh 11.0592MHz
   4          
   5             - Nhan khung lenh tu U1 qua UART (P3.0 RXD)
   6             - Dieu khien: motor thang, motor cua, LED UP/DOWN/WAIT, coi
   7             - Hien thi tang hien tai tren LED 7 doan (P0)
   8             - Mat lien lac voi U1 > 1 giay -> dung tat ca,
   9               LED 7 doan hien dau '-'
  10             ===================================================== */
  11          
  12          #include <reg52.h>
  13          
  14          /* =========================
  15             KHAI BAO CHAN (theo so do)
  16             ========================= */
  17          
  18          /* PORT 0: LED 7 doan common anode
  19             P0.0..P0.6 = SEG1..SEG7 = a..g */
  20          #define SEG_PORT P0
  21          
  22          /* PORT 2: LED + coi */
  23          sbit LED_UP   = P2^0;   /* LEDUP   */
  24          sbit LED_WAIT = P2^1;   /* LEDWAIT */
  25          sbit LED_DOWN = P2^2;   /* LEDDOWN */
  26          sbit BUZZ     = P2^3;   /* BUZZ    */
  27          
  28          /* PORT 3: P3.0 RXD, P3.1 TXD */
  29          sbit doorOPIN1 = P3^2;
  30          sbit doorCLIN2 = P3^3;
  31          sbit DoorEN    = P3^4;
  32          
  33          sbit IN1 = P3^5;
  34          sbit IN2 = P3^6;
  35          sbit EN  = P3^7;
  36          
  37          
  38          /* =========================
  39             GIAO THUC (phai giong U1)
  40             Khung 4 byte:
  41             [0xA5] [CMD] [FLOOR] [~(CMD ^ FLOOR)]
  42             ========================= */
  43          
  44          #define FRAME_HEAD      0xA5
  45          
  46          #define CMD_UP          0x01
  47          #define CMD_DOWN        0x02
  48          #define CMD_DOOR_OPEN   0x04
  49          #define CMD_DOOR_CLOSE  0x08
  50          #define CMD_WAIT        0x10
  51          #define CMD_BUZZ        0x20
  52          
  53          /* 20 x 50ms = 1 giay khong co khung hop le -> dung */
  54          #define COMM_TIMEOUT    20
  55          
C51 COMPILER V9.01   U4_SLAVE                                                              09/28/2026 16:06:55 PAGE 2   

  56          unsigned char rxState = 0;
  57          unsigned char rxCmdTemp = 0;
  58          unsigned char rxFloorTemp = 0;
  59          
  60          unsigned char rxCmd = 0;
  61          unsigned char rxFloor = 0;
  62          bit rxNew = 0;
  63          
  64          unsigned char commTimeout = COMM_TIMEOUT;
  65          
  66          
  67          /* =========================
  68             MA LED 7 DOAN - COMMON ANODE
  69             ========================= */
  70          
  71          unsigned char code seg_code[5] =
  72          {
  73              0xC0,   /* 0 */
  74              0xF9,   /* 1 */
  75              0xA4,   /* 2 */
  76              0xB0,   /* 3 */
  77              0x99    /* 4 */
  78          };
  79          
  80          #define SEG_DASH 0xBF   /* chi sang doan g -> dau '-' */
  81          
  82          void display_floor(unsigned char floor)
  83          {
  84   1          if(floor > 4)
  85   1              return;
  86   1      
  87   1          SEG_PORT = seg_code[floor];
  88   1      }
  89          
  90          
  91          /* =========================
  92             XUAT RA CHAN THEO BYTE LENH
  93             ========================= */
  94          
  95          void apply_cmd(unsigned char c)
  96          {
  97   1          /* ----- Motor thang + LED huong ----- */
  98   1          if((c & CMD_UP) && !(c & CMD_DOWN))
  99   1          {
 100   2              IN1 = 1;
 101   2              IN2 = 0;
 102   2              EN  = 1;
 103   2      
 104   2              LED_UP   = 1;
 105   2              LED_DOWN = 0;
 106   2          }
 107   1          else if((c & CMD_DOWN) && !(c & CMD_UP))
 108   1          {
 109   2              IN1 = 0;
 110   2              IN2 = 1;
 111   2              EN  = 1;
 112   2      
 113   2              LED_UP   = 0;
 114   2              LED_DOWN = 1;
 115   2          }
 116   1          else
 117   1          {
C51 COMPILER V9.01   U4_SLAVE                                                              09/28/2026 16:06:55 PAGE 3   

 118   2              IN1 = 0;
 119   2              IN2 = 0;
 120   2              EN  = 0;
 121   2      
 122   2              LED_UP   = 0;
 123   2              LED_DOWN = 0;
 124   2          }
 125   1      
 126   1          /* ----- Motor cua ----- */
 127   1          if((c & CMD_DOOR_OPEN) && !(c & CMD_DOOR_CLOSE))
 128   1          {
 129   2              doorOPIN1 = 1;
 130   2              doorCLIN2 = 0;
 131   2              DoorEN    = 1;
 132   2          }
 133   1          else if((c & CMD_DOOR_CLOSE) && !(c & CMD_DOOR_OPEN))
 134   1          {
 135   2              doorOPIN1 = 0;
 136   2              doorCLIN2 = 1;
 137   2              DoorEN    = 1;
 138   2          }
 139   1          else
 140   1          {
 141   2              doorOPIN1 = 0;
 142   2              doorCLIN2 = 0;
 143   2              DoorEN    = 0;
 144   2          }
 145   1      
 146   1          /* ----- LED WAIT + coi ----- */
 147   1          LED_WAIT = (c & CMD_WAIT) ? 1 : 0;
 148   1          BUZZ     = (c & CMD_BUZZ) ? 1 : 0;
 149   1      }
 150          
 151          
 152          /* =========================
 153             UART - Timer 1 mode 2, 9600 baud
 154             ========================= */
 155          
 156          void uart_init(void)
 157          {
 158   1          TMOD &= 0x0F;
 159   1          TMOD |= 0x20;       /* Timer 1 mode 2 */
 160   1      
 161   1          TH1 = 0xFD;         /* 9600 baud @ 11.0592MHz */
 162   1          TL1 = 0xFD;
 163   1      
 164   1          SCON = 0x50;        /* mode 1, cho phep nhan */
 165   1      
 166   1          TR1 = 1;
 167   1      
 168   1          ES = 1;
 169   1      }
 170          
 171          
 172          /* =========================
 173             TIMER 0 - 50ms (dem timeout)
 174             ========================= */
 175          
 176          void timer0_init(void)
 177          {
 178   1          TMOD &= 0xF0;
 179   1          TMOD |= 0x01;
C51 COMPILER V9.01   U4_SLAVE                                                              09/28/2026 16:06:55 PAGE 4   

 180   1      
 181   1          TH0 = 0x4C;
 182   1          TL0 = 0x00;
 183   1      
 184   1          ET0 = 1;
 185   1          TR0 = 1;
 186   1      }
 187          
 188          void timer0_ISR(void) interrupt 1
 189          {
 190   1          TH0 = 0x4C;
 191   1          TL0 = 0x00;
 192   1      
 193   1          if(commTimeout < 255)
 194   1              commTimeout++;
 195   1      }
 196          
 197          
 198          /* =========================
 199             NGAT UART - GHEP KHUNG
 200             ========================= */
 201          
 202          void serial_ISR(void) interrupt 4
 203          {
 204   1          unsigned char b;
 205   1      
 206   1          if(RI)
 207   1          {
 208   2              RI = 0;
 209   2              b = SBUF;
 210   2      
 211   2              if(rxState == 0)
 212   2              {
 213   3                  if(b == FRAME_HEAD)
 214   3                      rxState = 1;
 215   3              }
 216   2              else if(rxState == 1)
 217   2              {
 218   3                  rxCmdTemp = b;
 219   3                  rxState = 2;
 220   3              }
 221   2              else if(rxState == 2)
 222   2              {
 223   3                  rxFloorTemp = b;
 224   3                  rxState = 3;
 225   3              }
 226   2              else
 227   2              {
 228   3                  /* Kiem tra byte kiem tra */
 229   3                  if(b == (unsigned char)(~(rxCmdTemp ^ rxFloorTemp)))
 230   3                  {
 231   4                      rxCmd = rxCmdTemp;
 232   4                      rxFloor = rxFloorTemp;
 233   4                      rxNew = 1;
 234   4                  }
 235   3      
 236   3                  rxState = 0;
 237   3              }
 238   2          }
 239   1      
 240   1          if(TI)
 241   1              TI = 0;
C51 COMPILER V9.01   U4_SLAVE                                                              09/28/2026 16:06:55 PAGE 5   

 242   1      }
 243          
 244          
 245          /* =========================
 246             KHOI TAO
 247             ========================= */
 248          
 249          void io_init(void)
 250          {
 251   1          /* P0: hien dau '-' cho den khi nhan duoc khung dau tien */
 252   1          SEG_PORT = SEG_DASH;
 253   1      
 254   1          /* P2: LED + coi = 0 */
 255   1          P2 = 0x00;
 256   1      
 257   1          /* P3: RXD/TXD = 1, con lai = 0 */
 258   1          P3 = 0x03;
 259   1      }
 260          
 261          
 262          /* =========================
 263             MAIN
 264             ========================= */
 265          
 266          void main(void)
 267          {
 268   1          io_init();
 269   1          apply_cmd(0);
 270   1      
 271   1          uart_init();
 272   1          timer0_init();
 273   1      
 274   1          EA = 1;
 275   1      
 276   1          while(1)
 277   1          {
 278   2              if(rxNew)
 279   2              {
 280   3                  rxNew = 0;
 281   3                  commTimeout = 0;
 282   3      
 283   3                  apply_cmd(rxCmd);
 284   3                  display_floor(rxFloor);
 285   3              }
 286   2      
 287   2              /* Mat lien lac voi U1 -> dung an toan */
 288   2              if(commTimeout >= COMM_TIMEOUT)
 289   2              {
 290   3                  apply_cmd(0);
 291   3                  SEG_PORT = SEG_DASH;
 292   3              }
 293   2          }
 294   1      }


MODULE INFORMATION:   STATIC OVERLAYABLE
   CODE SIZE        =    326    ----
   CONSTANT SIZE    =      5    ----
   XDATA SIZE       =   ----    ----
   PDATA SIZE       =   ----    ----
   DATA SIZE        =      6    ----
   IDATA SIZE       =   ----    ----
C51 COMPILER V9.01   U4_SLAVE                                                              09/28/2026 16:06:55 PAGE 6   

   BIT SIZE         =      1    ----
END OF MODULE INFORMATION.


C51 COMPILATION COMPLETE.  0 WARNING(S),  0 ERROR(S)
